
 ⛅️ wrangler 4.110.0
────────────────────
┌──────────────────────────────────────┬─────────────┬────────────┬─────────┬──────────────────────────────────────────────┬───────────────┬────────────────────────────────────────────────────────────────────────────────────────────────────────────────────────────────┐
│ Id                                   │ Environment │ Branch     │ Source  │ Deployment                                   │ Status        │ Build                                                                                                                          │
├──────────────────────────────────────┼─────────────┼────────────┼─────────┼──────────────────────────────────────────────┼───────────────┼────────────────────────────────────────────────────────────────────────────────────────────────────────────────────────────────┤
│ b58454db-17fe-4bf1-883f-72789fbb0e08 │ Production  │ main       │ 5083785 │ https://b58454db.marque-publishing.pages.dev │ 7 minutes ago │ https://dash.cloudflare.com/413dc049b2b2186898b0a70ed1533b5d/pages/view/marque-publishing/b58454db-17fe-4bf1-883f-72789fbb0e08 │
├──────────────────────────────────────┼─────────────┼────────────┼─────────┼──────────────────────────────────────────────┼───────────────┼────────────────────────────────────────────────────────────────────────────────────────────────────────────────────────────────┤
│ dca3bfcb-0376-4c88-8deb-a8cc453226df │ Production  │ main       │ 5083785 │ https://dca3bfcb.marque-publishing.pages.dev │ 2 days ago    │ https://dash.cloudflare.com/413dc049b2b2186898b0a70ed1533b5d/pages/view/marque-publishing/dca3bfcb-0376-4c88-8deb-a8cc453226df │
├──────────────────────────────────────┼─────────────┼────────────┼─────────┼──────────────────────────────────────────────┼───────────────┼────────────────────────────────────────────────────────────────────────────────────────────────────────────────────────────────┤
│ 288d5063-a9e2-4f17-a82f-567da385d7c8 │ Production  │ main       │ 5083785 │ https://288d5063.marque-publishing.pages.dev │ 3 days ago    │ https://dash.cloudflare.com/413dc049b2b2186898b0a70ed1533b5d/pages/view/marque-publishing/288d5063-a9e2-4f17-a82f-567da385d7c8 │
├──────────────────────────────────────┼─────────────┼────────────┼─────────┼──────────────────────────────────────────────┼───────────────┼────────────────────────────────────────────────────────────────────────────────────────────────────────────────────────────────┤
│ fc79f6ff-b090-4e32-a8fb-ce0ff3f5caf5 │ Production  │ main       │ 2359fe6 │ https://fc79f6ff.marque-publishing.pages.dev │ 4 days ago    │ https://dash.cloudflare.com/413dc049b2b2186898b0a70ed1533b5d/pages/view/marque-publishing/fc79f6ff-b090-4e32-a8fb-ce0ff3f5caf5 │
├──────────────────────────────────────┼─────────────┼────────────┼─────────┼──────────────────────────────────────────────┼───────────────┼────────────────────────────────────────────────────────────────────────────────────────────────────────────────────────────────┤
│ 4a6ed894-bd41-4f29-ae28-da2dccb7c441 │ Production  │ main       │ 2359fe6 │ https://4a6ed894.marque-publishing.pages.dev │ 4 days ago    │ https://dash.cloudflare.com/413dc049b2b2186898b0a70ed1533b5d/pages/view/marque-publishing/4a6ed894-bd41-4f29-ae28-da2dccb7c441 │
├──────────────────────────────────────┼─────────────┼────────────┼─────────┼──────────────────────────────────────────────┼───────────────┼────────────────────────────────────────────────────────────────────────────────────────────────────────────────────────────────┤
│ 8578e79b-9165-4d47-9e80-2266a02ece19 │ Production  │ main       │ 2359fe6 │ https://8578e79b.marque-publishing.pages.dev │ 5 days ago    │ https://dash.cloudflare.com/413dc049b2b2186898b0a70ed1533b5d/pages/view/marque-publishing/8578e79b-9165-4d47-9e80-2266a02ece19 │
├──────────────────────────────────────┼─────────────┼────────────┼─────────┼──────────────────────────────────────────────┼───────────────┼────────────────────────────────────────────────────────────────────────────────────────────────────────────────────────────────┤
│ ec2a888e-7581-468a-938b-ab8115c86a44 │ Production  │ main       │ 6d8c540 │ https://ec2a888e.marque-publishing.pages.dev │ 5 days ago    │ https://dash.cloudflare.com/413dc049b2b2186898b0a70ed1533b5d/pages/view/marque-publishing/ec2a888e-7581-468a-938b-ab8115c86a44 │
├──────────────────────────────────────┼─────────────┼────────────┼─────────┼──────────────────────────────────────────────┼───────────────┼────────────────────────────────────────────────────────────────────────────────────────────────────────────────────────────────┤
│ 57d816b6-04d1-48b0-a6c9-8d2d518a2660 │ Production  │ main       │ 35f1497 │ https://57d816b6.marque-publishing.pages.dev │ 1 week ago    │ https://dash.cloudflare.com/413dc049b2b2186898b0a70ed1533b5d/pages/view/marque-publishing/57d816b6-04d1-48b0-a6c9-8d2d518a2660 │
├──────────────────────────────────────┼─────────────┼────────────┼─────────┼──────────────────────────────────────────────┼───────────────┼────────────────────────────────────────────────────────────────────────────────────────────────────────────────────────────────┤
│ 858ede4e-1e3b-48fe-a63d-66bddc9df367 │ Production  │ main       │ 35f1497 │ https://858ede4e.marque-publishing.pages.dev │ 1 week ago    │ https://dash.cloudflare.com/413dc049b2b2186898b0a70ed1533b5d/pages/view/marque-publishing/858ede4e-1e3b-48fe-a63d-66bddc9df367 │
├──────────────────────────────────────┼─────────────┼────────────┼─────────┼──────────────────────────────────────────────┼───────────────┼────────────────────────────────────────────────────────────────────────────────────────────────────────────────────────────────┤
│ 4ca032bc-2480-420e-9997-365dc0d16c8b │ Production  │ main       │ 35f1497 │ https://4ca032bc.marque-publishing.pages.dev │ 1 week ago    │ https://dash.cloudflare.com/413dc049b2b2186898b0a70ed1533b5d/pages/view/marque-publishing/4ca032bc-2480-420e-9997-365dc0d16c8b │
├──────────────────────────────────────┼─────────────┼────────────┼─────────┼──────────────────────────────────────────────┼───────────────┼────────────────────────────────────────────────────────────────────────────────────────────────────────────────────────────────┤
│ af622def-6591-46cc-8079-92701a2f141a │ Production  │ main       │ 35f1497 │ https://af622def.marque-publishing.pages.dev │ 1 week ago    │ https://dash.cloudflare.com/413dc049b2b2186898b0a70ed1533b5d/pages/view/marque-publishing/af622def-6591-46cc-8079-92701a2f141a │
├──────────────────────────────────────┼─────────────┼────────────┼─────────┼──────────────────────────────────────────────┼───────────────┼────────────────────────────────────────────────────────────────────────────────────────────────────────────────────────────────┤
│ bb958b26-5798-4e16-8e17-822c6069ac38 │ Production  │ main       │ 35f1497 │ https://bb958b26.marque-publishing.pages.dev │ 1 week ago    │ https://dash.cloudflare.com/413dc049b2b2186898b0a70ed1533b5d/pages/view/marque-publishing/bb958b26-5798-4e16-8e17-822c6069ac38 │
├──────────────────────────────────────┼─────────────┼────────────┼─────────┼──────────────────────────────────────────────┼───────────────┼────────────────────────────────────────────────────────────────────────────────────────────────────────────────────────────────┤
│ 920f378d-c363-4330-af24-f92450cd0d61 │ Production  │ main       │ 35f1497 │ https://920f378d.marque-publishing.pages.dev │ 2 weeks ago   │ https://dash.cloudflare.com/413dc049b2b2186898b0a70ed1533b5d/pages/view/marque-publishing/920f378d-c363-4330-af24-f92450cd0d61 │
├──────────────────────────────────────┼─────────────┼────────────┼─────────┼──────────────────────────────────────────────┼───────────────┼────────────────────────────────────────────────────────────────────────────────────────────────────────────────────────────────┤
│ 3f4cb6c1-19c9-4acd-bcb8-8272d77b3445 │ Production  │ main       │ 35f1497 │ https://3f4cb6c1.marque-publishing.pages.dev │ 2 weeks ago   │ https://dash.cloudflare.com/413dc049b2b2186898b0a70ed1533b5d/pages/view/marque-publishing/3f4cb6c1-19c9-4acd-bcb8-8272d77b3445 │
├──────────────────────────────────────┼─────────────┼────────────┼─────────┼──────────────────────────────────────────────┼───────────────┼────────────────────────────────────────────────────────────────────────────────────────────────────────────────────────────────┤
│ 93dfd668-b1da-4124-a84f-7e4a2ed0fac2 │ Production  │ main       │ 35f1497 │ https://93dfd668.marque-publishing.pages.dev │ 2 weeks ago   │ https://dash.cloudflare.com/413dc049b2b2186898b0a70ed1533b5d/pages/view/marque-publishing/93dfd668-b1da-4124-a84f-7e4a2ed0fac2 │
├──────────────────────────────────────┼─────────────┼────────────┼─────────┼──────────────────────────────────────────────┼───────────────┼────────────────────────────────────────────────────────────────────────────────────────────────────────────────────────────────┤
│ 3f5409b4-c564-4c51-99b1-df7cf3924680 │ Production  │ main       │ 35f1497 │ https://3f5409b4.marque-publishing.pages.dev │ 2 weeks ago   │ https://dash.cloudflare.com/413dc049b2b2186898b0a70ed1533b5d/pages/view/marque-publishing/3f5409b4-c564-4c51-99b1-df7cf3924680 │
├──────────────────────────────────────┼─────────────┼────────────┼─────────┼──────────────────────────────────────────────┼───────────────┼────────────────────────────────────────────────────────────────────────────────────────────────────────────────────────────────┤
│ dc7458fc-3adc-4f8c-b2f6-58e9ad400aa1 │ Preview     │ production │ 35f1497 │ https://dc7458fc.marque-publishing.pages.dev │ 2 weeks ago   │ https://dash.cloudflare.com/413dc049b2b2186898b0a70ed1533b5d/pages/view/marque-publishing/dc7458fc-3adc-4f8c-b2f6-58e9ad400aa1 │
├──────────────────────────────────────┼─────────────┼────────────┼─────────┼──────────────────────────────────────────────┼───────────────┼────────────────────────────────────────────────────────────────────────────────────────────────────────────────────────────────┤
│ 21af152b-a95f-4e07-b651-432f57d69baf │ Production  │ main       │ 35f1497 │ https://21af152b.marque-publishing.pages.dev │ 2 weeks ago   │ https://dash.cloudflare.com/413dc049b2b2186898b0a70ed1533b5d/pages/view/marque-publishing/21af152b-a95f-4e07-b651-432f57d69baf │
├──────────────────────────────────────┼─────────────┼────────────┼─────────┼──────────────────────────────────────────────┼───────────────┼────────────────────────────────────────────────────────────────────────────────────────────────────────────────────────────────┤
│ 5ad109f2-ca0e-48f3-bfd7-7c71fa291880 │ Production  │ main       │ 35f1497 │ https://5ad109f2.marque-publishing.pages.dev │ 2 weeks ago   │ https://dash.cloudflare.com/413dc049b2b2186898b0a70ed1533b5d/pages/view/marque-publishing/5ad109f2-ca0e-48f3-bfd7-7c71fa291880 │
├──────────────────────────────────────┼─────────────┼────────────┼─────────┼──────────────────────────────────────────────┼───────────────┼────────────────────────────────────────────────────────────────────────────────────────────────────────────────────────────────┤
│ 393195f2-140e-4973-a54c-771b334182b9 │ Production  │ main       │ 35f1497 │ https://393195f2.marque-publishing.pages.dev │ 2 weeks ago   │ https://dash.cloudflare.com/413dc049b2b2186898b0a70ed1533b5d/pages/view/marque-publishing/393195f2-140e-4973-a54c-771b334182b9 │
├──────────────────────────────────────┼─────────────┼────────────┼─────────┼──────────────────────────────────────────────┼───────────────┼────────────────────────────────────────────────────────────────────────────────────────────────────────────────────────────────┤
│ 10bef36f-acae-43d1-bf2b-47f8ae0f9ac5 │ Production  │ main       │ 35f1497 │ https://10bef36f.marque-publishing.pages.dev │ 2 weeks ago   │ https://dash.cloudflare.com/413dc049b2b2186898b0a70ed1533b5d/pages/view/marque-publishing/10bef36f-acae-43d1-bf2b-47f8ae0f9ac5 │
├──────────────────────────────────────┼─────────────┼────────────┼─────────┼──────────────────────────────────────────────┼───────────────┼────────────────────────────────────────────────────────────────────────────────────────────────────────────────────────────────┤
│ 67188baa-122b-42ec-a06b-3fc963f84d84 │ Production  │ main       │ 35f1497 │ https://67188baa.marque-publishing.pages.dev │ 2 weeks ago   │ https://dash.cloudflare.com/413dc049b2b2186898b0a70ed1533b5d/pages/view/marque-publishing/67188baa-122b-42ec-a06b-3fc963f84d84 │
├──────────────────────────────────────┼─────────────┼────────────┼─────────┼──────────────────────────────────────────────┼───────────────┼────────────────────────────────────────────────────────────────────────────────────────────────────────────────────────────────┤
│ ea4674c4-a96d-43cb-b656-f2111da3389c │ Production  │ main       │ 35f1497 │ https://ea4674c4.marque-publishing.pages.dev │ 2 weeks ago   │ https://dash.cloudflare.com/413dc049b2b2186898b0a70ed1533b5d/pages/view/marque-publishing/ea4674c4-a96d-43cb-b656-f2111da3389c │
├──────────────────────────────────────┼─────────────┼────────────┼─────────┼──────────────────────────────────────────────┼───────────────┼────────────────────────────────────────────────────────────────────────────────────────────────────────────────────────────────┤
│ 244f562c-0650-48f4-8bdd-d19aba8e50b6 │ Production  │ main       │ 35f1497 │ https://244f562c.marque-publishing.pages.dev │ 2 weeks ago   │ https://dash.cloudflare.com/413dc049b2b2186898b0a70ed1533b5d/pages/view/marque-publishing/244f562c-0650-48f4-8bdd-d19aba8e50b6 │
├──────────────────────────────────────┼─────────────┼────────────┼─────────┼──────────────────────────────────────────────┼───────────────┼────────────────────────────────────────────────────────────────────────────────────────────────────────────────────────────────┤
│ 30c670c4-3686-4380-8af5-0019b146a990 │ Production  │ main       │ 35f1497 │ https://30c670c4.marque-publishing.pages.dev │ 2 weeks ago   │ https://dash.cloudflare.com/413dc049b2b2186898b0a70ed1533b5d/pages/view/marque-publishing/30c670c4-3686-4380-8af5-0019b146a990 │
└──────────────────────────────────────┴─────────────┴────────────┴─────────┴──────────────────────────────────────────────┴───────────────┴────────────────────────────────────────────────────────────────────────────────────────────────────────────────────────────────┘
