
 ⛅️ wrangler 4.110.0
────────────────────
Getting User settings...
👋 You are logged in with an OAuth Token, associated with the email cthatcher1963@gmail.com.
🔐 Credentials are stored in: C:\Users\rctha\AppData\Roaming\xdg.config\.wrangler\config\default.toml
┌───────────────────────────────────┬──────────────────────────────────┐
│ Account Name                      │ Account ID                       │
├───────────────────────────────────┼──────────────────────────────────┤
│ Cthatcher1963@gmail.com's Account │ 413dc049b2b2186898b0a70ed1533b5d │
└───────────────────────────────────┴──────────────────────────────────┘
🔓 Token Permissions:
Scope (Access)
- account (read)
- user (read)
- workers (write)
- workers_kv (write)
- workers_routes (write)
- workers_scripts (write)
- workers_tail (read)
- d1 (write)
- pages (write)
- zone (read)
- ssl_certs (write)
- ai (write)
- ai-search (write)
- ai-search (run)
- websearch.run 
- agent-memory (write)
- queues (write)
- pipelines (write)
- secrets_store (write)
- artifacts (write)
- flagship (write)
- containers (write)
- cloudchamber (write)
- connectivity (admin)
- email_routing (write)
- email_sending (write)
- browser (write)
- offline_access 

[33m▲ [43;33m[[43;30mWARNING[43;33m][0m [1mWrangler is missing some expected Oauth scopes. To fix this, run `wrangler login` to refresh your token. The missing scopes are:[0m

  - challenge-widgets.write


